  Identification des projets ├á restaurer...
  Tous les projets sont ├á jour pour la restauration.
  PhotoAppApi -> c:\Users\marti\source\repos\PhotoApp\PhotoAppApi\bin\Debug\net10.0\PhotoAppApi.dll
C:\Program Files\dotnet\sdk\10.0.203\Microsoft.Common.CurrentVersion.targets(2451,5): warning MSB3277: d├⌐tection de conflits non r├⌐solus entre diff├⌐rentes versions de "Microsoft.EntityFrameworkCore.Relational". [c:\Users\marti\source\repos\PhotoApp\PhotoAppApi.Tests\PhotoAppApi.Tests.csproj]
C:\Program Files\dotnet\sdk\10.0.203\Microsoft.Common.CurrentVersion.targets(2451,5): warning MSB3277: Conflit existant entre "Microsoft.EntityFrameworkCore.Relational, Version=9.0.0.0, Culture=neutral, PublicKeyToken=adb9793829ddae60" et "Microsoft.EntityFrameworkCore.Relational, Version=9.0.12.0, Culture=neutral, PublicKeyToken=adb9793829ddae60". [c:\Users\marti\source\repos\PhotoApp\PhotoAppApi.Tests\PhotoAppApi.Tests.csproj]
C:\Program Files\dotnet\sdk\10.0.203\Microsoft.Common.CurrentVersion.targets(2451,5): warning MSB3277:     "Microsoft.EntityFrameworkCore.Relational, Version=9.0.0.0, Culture=neutral, PublicKeyToken=adb9793829ddae60" a ├⌐t├⌐ s├⌐lectionn├⌐, car il ├⌐tait de type primaire et "Microsoft.EntityFrameworkCore.Relational, Version=9.0.12.0, Culture=neutral, PublicKeyToken=adb9793829ddae60" ne l'├⌐tait pas. [c:\Users\marti\source\repos\PhotoApp\PhotoAppApi.Tests\PhotoAppApi.Tests.csproj]
C:\Program Files\dotnet\sdk\10.0.203\Microsoft.Common.CurrentVersion.targets(2451,5): warning MSB3277:     R├⌐f├⌐rences qui d├⌐pendent de "Microsoft.EntityFrameworkCore.Relational, Version=9.0.0.0, Culture=neutral, PublicKeyToken=adb9793829ddae60" [C:\Users\marti\.nuget\packages\microsoft.entityframeworkcore.relational\9.0.0\lib\net8.0\Microsoft.EntityFrameworkCore.Relational.dll]. [c:\Users\marti\source\repos\PhotoApp\PhotoAppApi.Tests\PhotoAppApi.Tests.csproj]
C:\Program Files\dotnet\sdk\10.0.203\Microsoft.Common.CurrentVersion.targets(2451,5): warning MSB3277:         C:\Users\marti\.nuget\packages\microsoft.entityframeworkcore.relational\9.0.0\lib\net8.0\Microsoft.EntityFrameworkCore.Relational.dll [c:\Users\marti\source\repos\PhotoApp\PhotoAppApi.Tests\PhotoAppApi.Tests.csproj]
C:\Program Files\dotnet\sdk\10.0.203\Microsoft.Common.CurrentVersion.targets(2451,5): warning MSB3277:           Item Include d'un fichier projet ayant g├⌐n├⌐r├⌐ la r├⌐f├⌐rence "C:\Users\marti\.nuget\packages\microsoft.entityframeworkcore.relational\9.0.0\lib\net8.0\Microsoft.EntityFrameworkCore.Relational.dll". [c:\Users\marti\source\repos\PhotoApp\PhotoAppApi.Tests\PhotoAppApi.Tests.csproj]
C:\Program Files\dotnet\sdk\10.0.203\Microsoft.Common.CurrentVersion.targets(2451,5): warning MSB3277:             C:\Users\marti\.nuget\packages\microsoft.entityframeworkcore.relational\9.0.0\lib\net8.0\Microsoft.EntityFrameworkCore.Relational.dll [c:\Users\marti\source\repos\PhotoApp\PhotoAppApi.Tests\PhotoAppApi.Tests.csproj]
C:\Program Files\dotnet\sdk\10.0.203\Microsoft.Common.CurrentVersion.targets(2451,5): warning MSB3277:     R├⌐f├⌐rences qui d├⌐pendent ou ont ├⌐t├⌐ unifi├⌐es ├á ┬½Microsoft.EntityFrameworkCore.Relational, Version=9.0.12.0, Culture=neutral, PublicKeyToken=adb9793829ddae60┬╗ []. [c:\Users\marti\source\repos\PhotoApp\PhotoAppApi.Tests\PhotoAppApi.Tests.csproj]
C:\Program Files\dotnet\sdk\10.0.203\Microsoft.Common.CurrentVersion.targets(2451,5): warning MSB3277:         c:\Users\marti\source\repos\PhotoApp\PhotoAppApi\bin\Debug\net10.0\PhotoAppApi.dll [c:\Users\marti\source\repos\PhotoApp\PhotoAppApi.Tests\PhotoAppApi.Tests.csproj]
C:\Program Files\dotnet\sdk\10.0.203\Microsoft.Common.CurrentVersion.targets(2451,5): warning MSB3277:           Item Include d'un fichier projet ayant g├⌐n├⌐r├⌐ la r├⌐f├⌐rence "c:\Users\marti\source\repos\PhotoApp\PhotoAppApi\bin\Debug\net10.0\PhotoAppApi.dll". [c:\Users\marti\source\repos\PhotoApp\PhotoAppApi.Tests\PhotoAppApi.Tests.csproj]
C:\Program Files\dotnet\sdk\10.0.203\Microsoft.Common.CurrentVersion.targets(2451,5): warning MSB3277:             c:\Users\marti\source\repos\PhotoApp\PhotoAppApi\bin\Debug\net10.0\PhotoAppApi.dll [c:\Users\marti\source\repos\PhotoApp\PhotoAppApi.Tests\PhotoAppApi.Tests.csproj]
c:\Users\marti\source\repos\PhotoApp\PhotoAppApi.Tests\Controllers\AdminControllerTests.cs(52,41): warning CS8602: D├⌐r├⌐f├⌐rencement d'une ├⌐ventuelle r├⌐f├⌐rence null. [c:\Users\marti\source\repos\PhotoApp\PhotoAppApi.Tests\PhotoAppApi.Tests.csproj]
c:\Users\marti\source\repos\PhotoApp\PhotoAppApi.Tests\Controllers\AdminControllerTests.cs(84,42): warning CS8602: D├⌐r├⌐f├⌐rencement d'une ├⌐ventuelle r├⌐f├⌐rence null. [c:\Users\marti\source\repos\PhotoApp\PhotoAppApi.Tests\PhotoAppApi.Tests.csproj]
c:\Users\marti\source\repos\PhotoApp\PhotoAppApi.Tests\AuthControllerTests.cs(86,27): warning CS8602: D├⌐r├⌐f├⌐rencement d'une ├⌐ventuelle r├⌐f├⌐rence null. [c:\Users\marti\source\repos\PhotoApp\PhotoAppApi.Tests\PhotoAppApi.Tests.csproj]
c:\Users\marti\source\repos\PhotoApp\PhotoAppApi.Tests\AuthControllerTests.cs(86,27): warning CS8602: D├⌐r├⌐f├⌐rencement d'une ├⌐ventuelle r├⌐f├⌐rence null. [c:\Users\marti\source\repos\PhotoApp\PhotoAppApi.Tests\PhotoAppApi.Tests.csproj]
c:\Users\marti\source\repos\PhotoApp\PhotoAppApi.Tests\AuthControllerTests.cs(111,27): warning CS8602: D├⌐r├⌐f├⌐rencement d'une ├⌐ventuelle r├⌐f├⌐rence null. [c:\Users\marti\source\repos\PhotoApp\PhotoAppApi.Tests\PhotoAppApi.Tests.csproj]
c:\Users\marti\source\repos\PhotoApp\PhotoAppApi.Tests\AuthControllerTests.cs(111,27): warning CS8602: D├⌐r├⌐f├⌐rencement d'une ├⌐ventuelle r├⌐f├⌐rence null. [c:\Users\marti\source\repos\PhotoApp\PhotoAppApi.Tests\PhotoAppApi.Tests.csproj]
c:\Users\marti\source\repos\PhotoApp\PhotoAppApi.Tests\UploadPhotosTests.cs(88,63): error CS1503: Argument 2┬á: conversion impossible de 'string' en 'PhotoAppApi.Services.IModerationService' [c:\Users\marti\source\repos\PhotoApp\PhotoAppApi.Tests\PhotoAppApi.Tests.csproj]
c:\Users\marti\source\repos\PhotoApp\PhotoAppApi.Tests\UploadPhotosTests.cs(88,75): error CS1503: Argument 4┬á: conversion impossible de 'bool' en 'System.Guid?' [c:\Users\marti\source\repos\PhotoApp\PhotoAppApi.Tests\PhotoAppApi.Tests.csproj]
c:\Users\marti\source\repos\PhotoApp\PhotoAppApi.Tests\AuthControllerTests.cs(155,38): warning CS8602: D├⌐r├⌐f├⌐rencement d'une ├⌐ventuelle r├⌐f├⌐rence null. [c:\Users\marti\source\repos\PhotoApp\PhotoAppApi.Tests\PhotoAppApi.Tests.csproj]
c:\Users\marti\source\repos\PhotoApp\PhotoAppApi.Tests\AuthControllerTests.cs(225,27): warning CS8602: D├⌐r├⌐f├⌐rencement d'une ├⌐ventuelle r├⌐f├⌐rence null. [c:\Users\marti\source\repos\PhotoApp\PhotoAppApi.Tests\PhotoAppApi.Tests.csproj]
c:\Users\marti\source\repos\PhotoApp\PhotoAppApi.Tests\AuthControllerTests.cs(225,27): warning CS8602: D├⌐r├⌐f├⌐rencement d'une ├⌐ventuelle r├⌐f├⌐rence null. [c:\Users\marti\source\repos\PhotoApp\PhotoAppApi.Tests\PhotoAppApi.Tests.csproj]
c:\Users\marti\source\repos\PhotoApp\PhotoAppApi.Tests\UploadPhotosTests.cs(152,63): error CS1503: Argument 2┬á: conversion impossible de 'string' en 'PhotoAppApi.Services.IModerationService' [c:\Users\marti\source\repos\PhotoApp\PhotoAppApi.Tests\PhotoAppApi.Tests.csproj]
c:\Users\marti\source\repos\PhotoApp\PhotoAppApi.Tests\UploadPhotosTests.cs(152,75): error CS1503: Argument 4┬á: conversion impossible de 'bool' en 'System.Guid?' [c:\Users\marti\source\repos\PhotoApp\PhotoAppApi.Tests\PhotoAppApi.Tests.csproj]
c:\Users\marti\source\repos\PhotoApp\PhotoAppApi.Tests\UploadPhotosTests.cs(158,71): warning CS8602: D├⌐r├⌐f├⌐rencement d'une ├⌐ventuelle r├⌐f├⌐rence null. [c:\Users\marti\source\repos\PhotoApp\PhotoAppApi.Tests\PhotoAppApi.Tests.csproj]
c:\Users\marti\source\repos\PhotoApp\PhotoAppApi.Tests\UploadPhotosTests.cs(160,29): warning CS8604: Existence possible d'un argument de r├⌐f├⌐rence null pour le param├¿tre 'collection' dans 'void Assert.Contains<string>(IEnumerable<string> collection, Predicate<string> filter)'. [c:\Users\marti\source\repos\PhotoApp\PhotoAppApi.Tests\PhotoAppApi.Tests.csproj]
c:\Users\marti\source\repos\PhotoApp\PhotoAppApi.Tests\AuthControllerTests.cs(265,27): warning CS8602: D├⌐r├⌐f├⌐rencement d'une ├⌐ventuelle r├⌐f├⌐rence null. [c:\Users\marti\source\repos\PhotoApp\PhotoAppApi.Tests\PhotoAppApi.Tests.csproj]
c:\Users\marti\source\repos\PhotoApp\PhotoAppApi.Tests\AuthControllerTests.cs(272,25): warning CS8602: D├⌐r├⌐f├⌐rencement d'une ├⌐ventuelle r├⌐f├⌐rence null. [c:\Users\marti\source\repos\PhotoApp\PhotoAppApi.Tests\PhotoAppApi.Tests.csproj]
c:\Users\marti\source\repos\PhotoApp\PhotoAppApi.Tests\AuthControllerTests.cs(272,25): warning CS8602: D├⌐r├⌐f├⌐rencement d'une ├⌐ventuelle r├⌐f├⌐rence null. [c:\Users\marti\source\repos\PhotoApp\PhotoAppApi.Tests\PhotoAppApi.Tests.csproj]
c:\Users\marti\source\repos\PhotoApp\PhotoAppApi.Tests\AuthControllerTests.cs(299,27): warning CS8602: D├⌐r├⌐f├⌐rencement d'une ├⌐ventuelle r├⌐f├⌐rence null. [c:\Users\marti\source\repos\PhotoApp\PhotoAppApi.Tests\PhotoAppApi.Tests.csproj]
c:\Users\marti\source\repos\PhotoApp\PhotoAppApi.Tests\AuthControllerTests.cs(299,27): warning CS8602: D├⌐r├⌐f├⌐rencement d'une ├⌐ventuelle r├⌐f├⌐rence null. [c:\Users\marti\source\repos\PhotoApp\PhotoAppApi.Tests\PhotoAppApi.Tests.csproj]
c:\Users\marti\source\repos\PhotoApp\PhotoAppApi.Tests\AuthControllerTests.cs(338,27): warning CS8602: D├⌐r├⌐f├⌐rencement d'une ├⌐ventuelle r├⌐f├⌐rence null. [c:\Users\marti\source\repos\PhotoApp\PhotoAppApi.Tests\PhotoAppApi.Tests.csproj]
c:\Users\marti\source\repos\PhotoApp\PhotoAppApi.Tests\AuthControllerTests.cs(338,27): warning CS8602: D├⌐r├⌐f├⌐rencement d'une ├⌐ventuelle r├⌐f├⌐rence null. [c:\Users\marti\source\repos\PhotoApp\PhotoAppApi.Tests\PhotoAppApi.Tests.csproj]
c:\Users\marti\source\repos\PhotoApp\PhotoAppApi.Tests\AuthControllerTests.cs(379,27): warning CS8602: D├⌐r├⌐f├⌐rencement d'une ├⌐ventuelle r├⌐f├⌐rence null. [c:\Users\marti\source\repos\PhotoApp\PhotoAppApi.Tests\PhotoAppApi.Tests.csproj]
c:\Users\marti\source\repos\PhotoApp\PhotoAppApi.Tests\AuthControllerTests.cs(379,27): warning CS8602: D├⌐r├⌐f├⌐rencement d'une ├⌐ventuelle r├⌐f├⌐rence null. [c:\Users\marti\source\repos\PhotoApp\PhotoAppApi.Tests\PhotoAppApi.Tests.csproj]
c:\Users\marti\source\repos\PhotoApp\PhotoAppApi.Tests\AuthControllerTests.cs(413,27): warning CS8602: D├⌐r├⌐f├⌐rencement d'une ├⌐ventuelle r├⌐f├⌐rence null. [c:\Users\marti\source\repos\PhotoApp\PhotoAppApi.Tests\PhotoAppApi.Tests.csproj]
c:\Users\marti\source\repos\PhotoApp\PhotoAppApi.Tests\AuthControllerTests.cs(413,27): warning CS8602: D├⌐r├⌐f├⌐rencement d'une ├⌐ventuelle r├⌐f├⌐rence null. [c:\Users\marti\source\repos\PhotoApp\PhotoAppApi.Tests\PhotoAppApi.Tests.csproj]
c:\Users\marti\source\repos\PhotoApp\PhotoAppApi.Tests\AuthControllerTests.cs(452,31): warning CS8602: D├⌐r├⌐f├⌐rencement d'une ├⌐ventuelle r├⌐f├⌐rence null. [c:\Users\marti\source\repos\PhotoApp\PhotoAppApi.Tests\PhotoAppApi.Tests.csproj]
c:\Users\marti\source\repos\PhotoApp\PhotoAppApi.Tests\AuthControllerTests.cs(452,31): warning CS8602: D├⌐r├⌐f├⌐rencement d'une ├⌐ventuelle r├⌐f├⌐rence null. [c:\Users\marti\source\repos\PhotoApp\PhotoAppApi.Tests\PhotoAppApi.Tests.csproj]
c:\Users\marti\source\repos\PhotoApp\PhotoAppApi.Tests\AuthControllerTests.cs(499,31): warning CS8602: D├⌐r├⌐f├⌐rencement d'une ├⌐ventuelle r├⌐f├⌐rence null. [c:\Users\marti\source\repos\PhotoApp\PhotoAppApi.Tests\PhotoAppApi.Tests.csproj]
c:\Users\marti\source\repos\PhotoApp\PhotoAppApi.Tests\AuthControllerTests.cs(499,31): warning CS8602: D├⌐r├⌐f├⌐rencement d'une ├⌐ventuelle r├⌐f├⌐rence null. [c:\Users\marti\source\repos\PhotoApp\PhotoAppApi.Tests\PhotoAppApi.Tests.csproj]
c:\Users\marti\source\repos\PhotoApp\PhotoAppApi.Tests\Controllers\ImagesControllerTests.cs(63,19): warning xUnit1051: Calls to methods which accept CancellationToken should use TestContext.Current.CancellationToken to allow test cancellation to be more responsive. (https://xunit.net/xunit.analyzers/rules/xUnit1051) [c:\Users\marti\source\repos\PhotoApp\PhotoAppApi.Tests\PhotoAppApi.Tests.csproj]
c:\Users\marti\source\repos\PhotoApp\PhotoAppApi.Tests\Controllers\ImagesControllerTests.cs(107,19): warning xUnit1051: Calls to methods which accept CancellationToken should use TestContext.Current.CancellationToken to allow test cancellation to be more responsive. (https://xunit.net/xunit.analyzers/rules/xUnit1051) [c:\Users\marti\source\repos\PhotoApp\PhotoAppApi.Tests\PhotoAppApi.Tests.csproj]
c:\Users\marti\source\repos\PhotoApp\PhotoAppApi.Tests\AuthControllerTests.cs(58,30): warning xUnit1051: Calls to methods which accept CancellationToken should use TestContext.Current.CancellationToken to allow test cancellation to be more responsive. (https://xunit.net/xunit.analyzers/rules/xUnit1051) [c:\Users\marti\source\repos\PhotoApp\PhotoAppApi.Tests\PhotoAppApi.Tests.csproj]
c:\Users\marti\source\repos\PhotoApp\PhotoAppApi.Tests\Controllers\ImagesControllerTests.cs(82,19): warning xUnit1051: Calls to methods which accept CancellationToken should use TestContext.Current.CancellationToken to allow test cancellation to be more responsive. (https://xunit.net/xunit.analyzers/rules/xUnit1051) [c:\Users\marti\source\repos\PhotoApp\PhotoAppApi.Tests\PhotoAppApi.Tests.csproj]
c:\Users\marti\source\repos\PhotoApp\PhotoAppApi.Tests\Controllers\GroupRequestsControllerTests.cs(60,19): warning xUnit1051: Calls to methods which accept CancellationToken should use TestContext.Current.CancellationToken to allow test cancellation to be more responsive. (https://xunit.net/xunit.analyzers/rules/xUnit1051) [c:\Users\marti\source\repos\PhotoApp\PhotoAppApi.Tests\PhotoAppApi.Tests.csproj]
c:\Users\marti\source\repos\PhotoApp\PhotoAppApi.Tests\Controllers\ImagesControllerTests.cs(86,19): warning xUnit1051: Calls to methods which accept CancellationToken should use TestContext.Current.CancellationToken to allow test cancellation to be more responsive. (https://xunit.net/xunit.analyzers/rules/xUnit1051) [c:\Users\marti\source\repos\PhotoApp\PhotoAppApi.Tests\PhotoAppApi.Tests.csproj]
c:\Users\marti\source\repos\PhotoApp\PhotoAppApi.Tests\Controllers\AdminControllerTests.cs(37,19): warning xUnit1051: Calls to methods which accept CancellationToken should use TestContext.Current.CancellationToken to allow test cancellation to be more responsive. (https://xunit.net/xunit.analyzers/rules/xUnit1051) [c:\Users\marti\source\repos\PhotoApp\PhotoAppApi.Tests\PhotoAppApi.Tests.csproj]
c:\Users\marti\source\repos\PhotoApp\PhotoAppApi.Tests\Controllers\AdminControllerTests.cs(51,32): warning xUnit1051: Calls to methods which accept CancellationToken should use TestContext.Current.CancellationToken to allow test cancellation to be more responsive. (https://xunit.net/xunit.analyzers/rules/xUnit1051) [c:\Users\marti\source\repos\PhotoApp\PhotoAppApi.Tests\PhotoAppApi.Tests.csproj]
c:\Users\marti\source\repos\PhotoApp\PhotoAppApi.Tests\Controllers\AdminControllerTests.cs(70,19): warning xUnit1051: Calls to methods which accept CancellationToken should use TestContext.Current.CancellationToken to allow test cancellation to be more responsive. (https://xunit.net/xunit.analyzers/rules/xUnit1051) [c:\Users\marti\source\repos\PhotoApp\PhotoAppApi.Tests\PhotoAppApi.Tests.csproj]
c:\Users\marti\source\repos\PhotoApp\PhotoAppApi.Tests\Controllers\ImagesControllerTests.cs(129,19): warning xUnit1051: Calls to methods which accept CancellationToken should use TestContext.Current.CancellationToken to allow test cancellation to be more responsive. (https://xunit.net/xunit.analyzers/rules/xUnit1051) [c:\Users\marti\source\repos\PhotoApp\PhotoAppApi.Tests\PhotoAppApi.Tests.csproj]
c:\Users\marti\source\repos\PhotoApp\PhotoAppApi.Tests\Controllers\AdminControllerTests.cs(83,32): warning xUnit1051: Calls to methods which accept CancellationToken should use TestContext.Current.CancellationToken to allow test cancellation to be more responsive. (https://xunit.net/xunit.analyzers/rules/xUnit1051) [c:\Users\marti\source\repos\PhotoApp\PhotoAppApi.Tests\PhotoAppApi.Tests.csproj]
c:\Users\marti\source\repos\PhotoApp\PhotoAppApi.Tests\TagsControllerTests.cs(108,19): warning xUnit1051: Calls to methods which accept CancellationToken should use TestContext.Current.CancellationToken to allow test cancellation to be more responsive. (https://xunit.net/xunit.analyzers/rules/xUnit1051) [c:\Users\marti\source\repos\PhotoApp\PhotoAppApi.Tests\PhotoAppApi.Tests.csproj]
c:\Users\marti\source\repos\PhotoApp\PhotoAppApi.Tests\AuthControllerTests.cs(69,19): warning xUnit1051: Calls to methods which accept CancellationToken should use TestContext.Current.CancellationToken to allow test cancellation to be more responsive. (https://xunit.net/xunit.analyzers/rules/xUnit1051) [c:\Users\marti\source\repos\PhotoApp\PhotoAppApi.Tests\PhotoAppApi.Tests.csproj]
c:\Users\marti\source\repos\PhotoApp\PhotoAppApi.Tests\AuthControllerTests.cs(131,19): warning xUnit1051: Calls to methods which accept CancellationToken should use TestContext.Current.CancellationToken to allow test cancellation to be more responsive. (https://xunit.net/xunit.analyzers/rules/xUnit1051) [c:\Users\marti\source\repos\PhotoApp\PhotoAppApi.Tests\PhotoAppApi.Tests.csproj]
c:\Users\marti\source\repos\PhotoApp\PhotoAppApi.Tests\AuthControllerTests.cs(149,30): warning xUnit1051: Calls to methods which accept CancellationToken should use TestContext.Current.CancellationToken to allow test cancellation to be more responsive. (https://xunit.net/xunit.analyzers/rules/xUnit1051) [c:\Users\marti\source\repos\PhotoApp\PhotoAppApi.Tests\PhotoAppApi.Tests.csproj]
c:\Users\marti\source\repos\PhotoApp\PhotoAppApi.Tests\AuthControllerTests.cs(154,32): warning xUnit1051: Calls to methods which accept CancellationToken should use TestContext.Current.CancellationToken to allow test cancellation to be more responsive. (https://xunit.net/xunit.analyzers/rules/xUnit1051) [c:\Users\marti\source\repos\PhotoApp\PhotoAppApi.Tests\PhotoAppApi.Tests.csproj]
c:\Users\marti\source\repos\PhotoApp\PhotoAppApi.Tests\TagsControllerTests.cs(83,19): warning xUnit1051: Calls to methods which accept CancellationToken should use TestContext.Current.CancellationToken to allow test cancellation to be more responsive. (https://xunit.net/xunit.analyzers/rules/xUnit1051) [c:\Users\marti\source\repos\PhotoApp\PhotoAppApi.Tests\PhotoAppApi.Tests.csproj]
c:\Users\marti\source\repos\PhotoApp\PhotoAppApi.Tests\GroupsControllerTests.cs(118,19): warning xUnit1051: Calls to methods which accept CancellationToken should use TestContext.Current.CancellationToken to allow test cancellation to be more responsive. (https://xunit.net/xunit.analyzers/rules/xUnit1051) [c:\Users\marti\source\repos\PhotoApp\PhotoAppApi.Tests\PhotoAppApi.Tests.csproj]
c:\Users\marti\source\repos\PhotoApp\PhotoAppApi.Tests\GroupsControllerTests.cs(126,38): warning xUnit1051: Calls to methods which accept CancellationToken should use TestContext.Current.CancellationToken to allow test cancellation to be more responsive. (https://xunit.net/xunit.analyzers/rules/xUnit1051) [c:\Users\marti\source\repos\PhotoApp\PhotoAppApi.Tests\PhotoAppApi.Tests.csproj]
c:\Users\marti\source\repos\PhotoApp\PhotoAppApi.Tests\TagsControllerTests.cs(141,19): warning xUnit1051: Calls to methods which accept CancellationToken should use TestContext.Current.CancellationToken to allow test cancellation to be more responsive. (https://xunit.net/xunit.analyzers/rules/xUnit1051) [c:\Users\marti\source\repos\PhotoApp\PhotoAppApi.Tests\PhotoAppApi.Tests.csproj]
c:\Users\marti\source\repos\PhotoApp\PhotoAppApi.Tests\UploadPhotosTests.cs(76,19): warning xUnit1051: Calls to methods which accept CancellationToken should use TestContext.Current.CancellationToken to allow test cancellation to be more responsive. (https://xunit.net/xunit.analyzers/rules/xUnit1051) [c:\Users\marti\source\repos\PhotoApp\PhotoAppApi.Tests\PhotoAppApi.Tests.csproj]
c:\Users\marti\source\repos\PhotoApp\PhotoAppApi.Tests\UploadPhotosTests.cs(107,36): warning xUnit1051: Calls to methods which accept CancellationToken should use TestContext.Current.CancellationToken to allow test cancellation to be more responsive. (https://xunit.net/xunit.analyzers/rules/xUnit1051) [c:\Users\marti\source\repos\PhotoApp\PhotoAppApi.Tests\PhotoAppApi.Tests.csproj]
c:\Users\marti\source\repos\PhotoApp\PhotoAppApi.Tests\AuthControllerTests.cs(174,19): warning xUnit1051: Calls to methods which accept CancellationToken should use TestContext.Current.CancellationToken to allow test cancellation to be more responsive. (https://xunit.net/xunit.analyzers/rules/xUnit1051) [c:\Users\marti\source\repos\PhotoApp\PhotoAppApi.Tests\PhotoAppApi.Tests.csproj]
c:\Users\marti\source\repos\PhotoApp\PhotoAppApi.Tests\AuthControllerTests.cs(192,30): warning xUnit1051: Calls to methods which accept CancellationToken should use TestContext.Current.CancellationToken to allow test cancellation to be more responsive. (https://xunit.net/xunit.analyzers/rules/xUnit1051) [c:\Users\marti\source\repos\PhotoApp\PhotoAppApi.Tests\PhotoAppApi.Tests.csproj]
c:\Users\marti\source\repos\PhotoApp\PhotoAppApi.Tests\TagsControllerTests.cs(165,19): warning xUnit1051: Calls to methods which accept CancellationToken should use TestContext.Current.CancellationToken to allow test cancellation to be more responsive. (https://xunit.net/xunit.analyzers/rules/xUnit1051) [c:\Users\marti\source\repos\PhotoApp\PhotoAppApi.Tests\PhotoAppApi.Tests.csproj]
c:\Users\marti\source\repos\PhotoApp\PhotoAppApi.Tests\AuthControllerTests.cs(245,19): warning xUnit1051: Calls to methods which accept CancellationToken should use TestContext.Current.CancellationToken to allow test cancellation to be more responsive. (https://xunit.net/xunit.analyzers/rules/xUnit1051) [c:\Users\marti\source\repos\PhotoApp\PhotoAppApi.Tests\PhotoAppApi.Tests.csproj]
c:\Users\marti\source\repos\PhotoApp\PhotoAppApi.Tests\UploadPhotosTests.cs(162,36): warning xUnit1051: Calls to methods which accept CancellationToken should use TestContext.Current.CancellationToken to allow test cancellation to be more responsive. (https://xunit.net/xunit.analyzers/rules/xUnit1051) [c:\Users\marti\source\repos\PhotoApp\PhotoAppApi.Tests\PhotoAppApi.Tests.csproj]
c:\Users\marti\source\repos\PhotoApp\PhotoAppApi.Tests\AuthControllerTests.cs(318,19): warning xUnit1051: Calls to methods which accept CancellationToken should use TestContext.Current.CancellationToken to allow test cancellation to be more responsive. (https://xunit.net/xunit.analyzers/rules/xUnit1051) [c:\Users\marti\source\repos\PhotoApp\PhotoAppApi.Tests\PhotoAppApi.Tests.csproj]
c:\Users\marti\source\repos\PhotoApp\PhotoAppApi.Tests\AuthControllerTests.cs(357,19): warning xUnit1051: Calls to methods which accept CancellationToken should use TestContext.Current.CancellationToken to allow test cancellation to be more responsive. (https://xunit.net/xunit.analyzers/rules/xUnit1051) [c:\Users\marti\source\repos\PhotoApp\PhotoAppApi.Tests\PhotoAppApi.Tests.csproj]
c:\Users\marti\source\repos\PhotoApp\PhotoAppApi.Tests\AuthControllerTests.cs(432,19): warning xUnit1051: Calls to methods which accept CancellationToken should use TestContext.Current.CancellationToken to allow test cancellation to be more responsive. (https://xunit.net/xunit.analyzers/rules/xUnit1051) [c:\Users\marti\source\repos\PhotoApp\PhotoAppApi.Tests\PhotoAppApi.Tests.csproj]
c:\Users\marti\source\repos\PhotoApp\PhotoAppApi.Tests\AuthControllerTests.cs(479,19): warning xUnit1051: Calls to methods which accept CancellationToken should use TestContext.Current.CancellationToken to allow test cancellation to be more responsive. (https://xunit.net/xunit.analyzers/rules/xUnit1051) [c:\Users\marti\source\repos\PhotoApp\PhotoAppApi.Tests\PhotoAppApi.Tests.csproj]
